stm32f4xx_hal_uart.c:241:19:HAL_UART_Init	16	static
stm32f4xx_hal_uart.c:303:19:HAL_HalfDuplex_Init	16	static
stm32f4xx_hal_uart.c:363:19:HAL_LIN_Init	16	static
stm32f4xx_hal_uart.c:429:19:HAL_MultiProcessor_Init	24	static
stm32f4xx_hal_uart.c:492:19:HAL_UART_DeInit	16	static
stm32f4xx_hal_uart.c:524:14:HAL_UART_MspInit	16	static
stm32f4xx_hal_uart.c:539:14:HAL_UART_MspDeInit	16	static
stm32f4xx_hal_uart.c:608:19:HAL_UART_Transmit	40	static
stm32f4xx_hal_uart.c:690:19:HAL_UART_Receive	40	static
stm32f4xx_hal_uart.c:778:19:HAL_UART_Transmit_IT	24	static
stm32f4xx_hal_uart.c:820:19:HAL_UART_Receive_IT	24	static
stm32f4xx_hal_uart.c:865:19:HAL_UART_Transmit_DMA	32	static
stm32f4xx_hal_uart.c:930:19:HAL_UART_Receive_DMA	32	static
stm32f4xx_hal_uart.c:997:19:HAL_UART_DMAPause	24	static
stm32f4xx_hal_uart.c:1032:19:HAL_UART_DMAResume	24	static
stm32f4xx_hal_uart.c:1067:19:HAL_UART_DMAStop	24	static
stm32f4xx_hal_uart.c:1119:19:HAL_UART_Abort	16	static
stm32f4xx_hal_uart.c:1183:19:HAL_UART_AbortTransmit	16	static
stm32f4xx_hal_uart.c:1225:19:HAL_UART_AbortReceive	16	static
stm32f4xx_hal_uart.c:1270:19:HAL_UART_Abort_IT	24	static
stm32f4xx_hal_uart.c:1392:19:HAL_UART_AbortTransmit_IT	16	static
stm32f4xx_hal_uart.c:1457:19:HAL_UART_AbortReceive_IT	16	static
stm32f4xx_hal_uart.c:1515:6:HAL_UART_IRQHandler	40	static
stm32f4xx_hal_uart.c:1642:14:HAL_UART_TxCpltCallback	16	static
stm32f4xx_hal_uart.c:1657:14:HAL_UART_TxHalfCpltCallback	16	static
stm32f4xx_hal_uart.c:1672:13:HAL_UART_RxCpltCallback	16	static
stm32f4xx_hal_uart.c:1687:13:HAL_UART_RxHalfCpltCallback	16	static
stm32f4xx_hal_uart.c:1702:14:HAL_UART_ErrorCallback	16	static
stm32f4xx_hal_uart.c:1716:13:HAL_UART_AbortCpltCallback	16	static
stm32f4xx_hal_uart.c:1730:13:HAL_UART_AbortTransmitCpltCallback	16	static
stm32f4xx_hal_uart.c:1745:13:HAL_UART_AbortReceiveCpltCallback	16	static
stm32f4xx_hal_uart.c:1782:19:HAL_LIN_SendBreak	16	static
stm32f4xx_hal_uart.c:1809:19:HAL_MultiProcessor_EnterMuteMode	16	static
stm32f4xx_hal_uart.c:1836:19:HAL_MultiProcessor_ExitMuteMode	16	static
stm32f4xx_hal_uart.c:1863:19:HAL_HalfDuplex_EnableTransmitter	24	static
stm32f4xx_hal_uart.c:1898:19:HAL_HalfDuplex_EnableReceiver	24	static
stm32f4xx_hal_uart.c:1954:23:HAL_UART_GetState	24	static
stm32f4xx_hal_uart.c:1969:10:HAL_UART_GetError	16	static
stm32f4xx_hal_uart.c:1983:13:UART_DMATransmitCplt	24	static
stm32f4xx_hal_uart.c:2012:13:UART_DMATxHalfCplt	24	static
stm32f4xx_hal_uart.c:2024:13:UART_DMAReceiveCplt	24	static
stm32f4xx_hal_uart.c:2052:13:UART_DMARxHalfCplt	24	static
stm32f4xx_hal_uart.c:2064:13:UART_DMAError	24	static
stm32f4xx_hal_uart.c:2099:26:UART_WaitOnFlagUntilTimeout	24	static
stm32f4xx_hal_uart.c:2132:13:UART_EndTxTransfer	16	static
stm32f4xx_hal_uart.c:2146:13:UART_EndRxTransfer	16	static
stm32f4xx_hal_uart.c:2162:13:UART_DMAAbortOnError	24	static
stm32f4xx_hal_uart.c:2179:13:UART_DMATxAbortCallback	24	static
stm32f4xx_hal_uart.c:2217:13:UART_DMARxAbortCallback	24	static
stm32f4xx_hal_uart.c:2255:13:UART_DMATxOnlyAbortCallback	24	static
stm32f4xx_hal_uart.c:2276:13:UART_DMARxOnlyAbortCallback	24	static
stm32f4xx_hal_uart.c:2295:26:UART_Transmit_IT	24	static
stm32f4xx_hal_uart.c:2342:26:UART_EndTransmit_IT	16	static
stm32f4xx_hal_uart.c:2361:26:UART_Receive_IT	24	static
stm32f4xx_hal_uart.c:2423:13:UART_SetConfig	32	static
