stm32f4xx_hal_tim.c:267:19:HAL_TIM_Base_Init	16	static
stm32f4xx_hal_tim.c:326:19:HAL_TIM_Base_DeInit	16	static
stm32f4xx_hal_tim.c:369:13:HAL_TIM_Base_MspInit	16	static
stm32f4xx_hal_tim.c:384:13:HAL_TIM_Base_MspDeInit	16	static
stm32f4xx_hal_tim.c:400:19:HAL_TIM_Base_Start	24	static
stm32f4xx_hal_tim.c:439:19:HAL_TIM_Base_Stop	16	static
stm32f4xx_hal_tim.c:459:19:HAL_TIM_Base_Start_IT	24	static
stm32f4xx_hal_tim.c:501:19:HAL_TIM_Base_Stop_IT	16	static
stm32f4xx_hal_tim.c:526:19:HAL_TIM_Base_Start_DMA	32	static
stm32f4xx_hal_tim.c:594:19:HAL_TIM_Base_Stop_DMA	16	static
stm32f4xx_hal_tim.c:649:19:HAL_TIM_OC_Init	16	static
stm32f4xx_hal_tim.c:708:19:HAL_TIM_OC_DeInit	16	static
stm32f4xx_hal_tim.c:751:13:HAL_TIM_OC_MspInit	16	static
stm32f4xx_hal_tim.c:766:13:HAL_TIM_OC_MspDeInit	16	static
stm32f4xx_hal_tim.c:787:19:HAL_TIM_OC_Start	24	static
stm32f4xx_hal_tim.c:841:19:HAL_TIM_OC_Stop	16	static
stm32f4xx_hal_tim.c:876:19:HAL_TIM_OC_Start_IT	24	static
stm32f4xx_hal_tim.c:964:19:HAL_TIM_OC_Stop_IT	16	static
stm32f4xx_hal_tim.c:1035:19:HAL_TIM_OC_Start_DMA	32	static
stm32f4xx_hal_tim.c:1189:19:HAL_TIM_OC_Stop_DMA	16	static
stm32f4xx_hal_tim.c:1286:19:HAL_TIM_PWM_Init	16	static
stm32f4xx_hal_tim.c:1345:19:HAL_TIM_PWM_DeInit	16	static
stm32f4xx_hal_tim.c:1388:13:HAL_TIM_PWM_MspInit	16	static
stm32f4xx_hal_tim.c:1403:13:HAL_TIM_PWM_MspDeInit	16	static
stm32f4xx_hal_tim.c:1424:19:HAL_TIM_PWM_Start	24	static
stm32f4xx_hal_tim.c:1478:19:HAL_TIM_PWM_Stop	16	static
stm32f4xx_hal_tim.c:1513:19:HAL_TIM_PWM_Start_IT	24	static
stm32f4xx_hal_tim.c:1600:19:HAL_TIM_PWM_Stop_IT	16	static
stm32f4xx_hal_tim.c:1671:19:HAL_TIM_PWM_Start_DMA	32	static
stm32f4xx_hal_tim.c:1824:19:HAL_TIM_PWM_Stop_DMA	16	static
stm32f4xx_hal_tim.c:1921:19:HAL_TIM_IC_Init	16	static
stm32f4xx_hal_tim.c:1980:19:HAL_TIM_IC_DeInit	16	static
stm32f4xx_hal_tim.c:2023:13:HAL_TIM_IC_MspInit	16	static
stm32f4xx_hal_tim.c:2038:13:HAL_TIM_IC_MspDeInit	16	static
stm32f4xx_hal_tim.c:2059:19:HAL_TIM_IC_Start	24	static
stm32f4xx_hal_tim.c:2111:19:HAL_TIM_IC_Stop	16	static
stm32f4xx_hal_tim.c:2141:19:HAL_TIM_IC_Start_IT	24	static
stm32f4xx_hal_tim.c:2226:19:HAL_TIM_IC_Stop_IT	16	static
stm32f4xx_hal_tim.c:2292:19:HAL_TIM_IC_Start_DMA	32	static
stm32f4xx_hal_tim.c:2444:19:HAL_TIM_IC_Stop_DMA	16	static
stm32f4xx_hal_tim.c:2543:19:HAL_TIM_OnePulse_Init	16	static
stm32f4xx_hal_tim.c:2611:19:HAL_TIM_OnePulse_DeInit	16	static
stm32f4xx_hal_tim.c:2656:13:HAL_TIM_OnePulse_MspInit	16	static
stm32f4xx_hal_tim.c:2671:13:HAL_TIM_OnePulse_MspDeInit	16	static
stm32f4xx_hal_tim.c:2691:19:HAL_TIM_OnePulse_Start	24	static
stm32f4xx_hal_tim.c:2748:19:HAL_TIM_OnePulse_Stop	16	static
stm32f4xx_hal_tim.c:2791:19:HAL_TIM_OnePulse_Start_IT	24	static
stm32f4xx_hal_tim.c:2854:19:HAL_TIM_OnePulse_Stop_IT	16	static
stm32f4xx_hal_tim.c:2933:19:HAL_TIM_Encoder_Init	32	static
stm32f4xx_hal_tim.c:3047:19:HAL_TIM_Encoder_DeInit	16	static
stm32f4xx_hal_tim.c:3092:13:HAL_TIM_Encoder_MspInit	16	static
stm32f4xx_hal_tim.c:3107:13:HAL_TIM_Encoder_MspDeInit	16	static
stm32f4xx_hal_tim.c:3127:19:HAL_TIM_Encoder_Start	24	static
stm32f4xx_hal_tim.c:3221:19:HAL_TIM_Encoder_Stop	16	static
stm32f4xx_hal_tim.c:3281:19:HAL_TIM_Encoder_Start_IT	24	static
stm32f4xx_hal_tim.c:3381:19:HAL_TIM_Encoder_Stop_IT	16	static
stm32f4xx_hal_tim.c:3446:19:HAL_TIM_Encoder_Start_DMA	32	static
stm32f4xx_hal_tim.c:3654:19:HAL_TIM_Encoder_Stop_DMA	16	static
stm32f4xx_hal_tim.c:3731:6:HAL_TIM_IRQHandler	16	static
stm32f4xx_hal_tim.c:3946:19:HAL_TIM_OC_ConfigChannel	24	static
stm32f4xx_hal_tim.c:4022:19:HAL_TIM_IC_ConfigChannel	24	static
stm32f4xx_hal_tim.c:4115:19:HAL_TIM_PWM_ConfigChannel	24	static
stm32f4xx_hal_tim.c:4226:19:HAL_TIM_OnePulse_ConfigChannel	56	static
stm32f4xx_hal_tim.c:4365:19:HAL_TIM_DMABurst_WriteStart	32	static
stm32f4xx_hal_tim.c:4411:19:HAL_TIM_DMABurst_MultiWriteStart	24	static
stm32f4xx_hal_tim.c:4588:19:HAL_TIM_DMABurst_WriteStop	16	static
stm32f4xx_hal_tim.c:4683:19:HAL_TIM_DMABurst_ReadStart	32	static
stm32f4xx_hal_tim.c:4729:19:HAL_TIM_DMABurst_MultiReadStart	24	static
stm32f4xx_hal_tim.c:4907:19:HAL_TIM_DMABurst_ReadStop	16	static
stm32f4xx_hal_tim.c:4984:19:HAL_TIM_GenerateEvent	16	static
stm32f4xx_hal_tim.c:5021:19:HAL_TIM_ConfigOCrefClear	24	static
stm32f4xx_hal_tim.c:5145:19:HAL_TIM_ConfigClockSource	24	static
stm32f4xx_hal_tim.c:5297:19:HAL_TIM_ConfigTI1Input	24	static
stm32f4xx_hal_tim.c:5329:19:HAL_TIM_SlaveConfigSynchro	16	static
stm32f4xx_hal_tim.c:5369:19:HAL_TIM_SlaveConfigSynchro_IT	16	static
stm32f4xx_hal_tim.c:5412:10:HAL_TIM_ReadCapturedValue	24	static
stm32f4xx_hal_tim.c:5496:13:HAL_TIM_PeriodElapsedCallback	16	static
stm32f4xx_hal_tim.c:5511:13:HAL_TIM_PeriodElapsedHalfCpltCallback	16	static
stm32f4xx_hal_tim.c:5526:13:HAL_TIM_OC_DelayElapsedCallback	16	static
stm32f4xx_hal_tim.c:5541:13:HAL_TIM_IC_CaptureCallback	16	static
stm32f4xx_hal_tim.c:5556:13:HAL_TIM_IC_CaptureHalfCpltCallback	16	static
stm32f4xx_hal_tim.c:5571:13:HAL_TIM_PWM_PulseFinishedCallback	16	static
stm32f4xx_hal_tim.c:5586:13:HAL_TIM_PWM_PulseFinishedHalfCpltCallback	16	static
stm32f4xx_hal_tim.c:5601:13:HAL_TIM_TriggerCallback	16	static
stm32f4xx_hal_tim.c:5616:13:HAL_TIM_TriggerHalfCpltCallback	16	static
stm32f4xx_hal_tim.c:5631:13:HAL_TIM_ErrorCallback	16	static
stm32f4xx_hal_tim.c:6148:22:HAL_TIM_Base_GetState	16	static
stm32f4xx_hal_tim.c:6158:22:HAL_TIM_OC_GetState	16	static
stm32f4xx_hal_tim.c:6168:22:HAL_TIM_PWM_GetState	16	static
stm32f4xx_hal_tim.c:6178:22:HAL_TIM_IC_GetState	16	static
stm32f4xx_hal_tim.c:6188:22:HAL_TIM_OnePulse_GetState	16	static
stm32f4xx_hal_tim.c:6198:22:HAL_TIM_Encoder_GetState	16	static
stm32f4xx_hal_tim.c:6208:23:HAL_TIM_GetActiveChannel	16	static
stm32f4xx_hal_tim.c:6226:29:HAL_TIM_GetChannelState	24	static
stm32f4xx_hal_tim.c:6243:30:HAL_TIM_DMABurstState	16	static
stm32f4xx_hal_tim.c:6268:6:TIM_DMAError	24	static
stm32f4xx_hal_tim.c:6311:13:TIM_DMADelayPulseCplt	24	static
stm32f4xx_hal_tim.c:6370:6:TIM_DMADelayPulseHalfCplt	24	static
stm32f4xx_hal_tim.c:6409:6:TIM_DMACaptureCplt	24	static
stm32f4xx_hal_tim.c:6472:6:TIM_DMACaptureHalfCplt	24	static
stm32f4xx_hal_tim.c:6511:13:TIM_DMAPeriodElapsedCplt	24	static
stm32f4xx_hal_tim.c:6532:13:TIM_DMAPeriodElapsedHalfCplt	24	static
stm32f4xx_hal_tim.c:6548:13:TIM_DMATriggerCplt	24	static
stm32f4xx_hal_tim.c:6569:13:TIM_DMATriggerHalfCplt	24	static
stm32f4xx_hal_tim.c:6586:6:TIM_Base_SetConfig	24	static
stm32f4xx_hal_tim.c:6634:13:TIM_OC1_SetConfig	32	static
stm32f4xx_hal_tim.c:6709:6:TIM_OC2_SetConfig	32	static
stm32f4xx_hal_tim.c:6785:13:TIM_OC3_SetConfig	32	static
stm32f4xx_hal_tim.c:6859:13:TIM_OC4_SetConfig	32	static
stm32f4xx_hal_tim.c:6919:26:TIM_SlaveTimer_SetConfig	32	static
stm32f4xx_hal_tim.c:7050:6:TIM_TI1_SetConfig	32	static
stm32f4xx_hal_tim.c:7097:13:TIM_TI1_ConfigInputStage	32	static
stm32f4xx_hal_tim.c:7140:13:TIM_TI2_SetConfig	32	static
stm32f4xx_hal_tim.c:7180:13:TIM_TI2_ConfigInputStage	32	static
stm32f4xx_hal_tim.c:7223:13:TIM_TI3_SetConfig	32	static
stm32f4xx_hal_tim.c:7271:13:TIM_TI4_SetConfig	32	static
stm32f4xx_hal_tim.c:7314:13:TIM_ITRx_SetConfig	24	static
stm32f4xx_hal_tim.c:7344:6:TIM_ETR_SetConfig	32	static
stm32f4xx_hal_tim.c:7374:6:TIM_CCxChannelCmd	32	static
